// Jest Snapshot v1, https://goo.gl/fbAQLP

exports[`Route: LandingPage LandingPage renders 1`] = `ShallowWrapper {}`;
