// Jest Snapshot v1, https://goo.gl/fbAQLP

exports[`Component: DeleteQueryButton DeleteQueryButton renders with default props 1`] = `ShallowWrapper {}`;
