// Jest Snapshot v1, https://goo.gl/fbAQLP

exports[`Component: DisconnectButton Disconnect button renders with default props 1`] = `ShallowWrapper {}`;
