// Jest Snapshot v1, https://goo.gl/fbAQLP

exports[`Component: JoinList JoinList renders with default components 1`] = `ShallowWrapper {}`;
