// Jest Snapshot v1, https://goo.gl/fbAQLP

exports[`Component: Join Join render with default props 1`] = `ShallowWrapper {}`;
