// Jest Snapshot v1, https://goo.gl/fbAQLP

exports[`Component: JoinCondition JoinCondition renders with default props 1`] = `ShallowWrapper {}`;
