// Jest Snapshot v1, https://goo.gl/fbAQLP

exports[`Component: LanguageSwitcher LanguageSwitcher renders with default props 1`] = `ShallowWrapper {}`;
