// Jest Snapshot v1, https://goo.gl/fbAQLP

exports[`Component: LoginFormContainer LoginFormContainer renders with default props 1`] = `ShallowWrapper {}`;
