// Jest Snapshot v1, https://goo.gl/fbAQLP

exports[`Component: NavBar renders correctly 1`] = `
<div
  className="mb-2"
>
  <nav
    className="m-0 pt-1 pl-2 pb-0 navbar navbar-expand-sm navbar-light bg-light"
  >
    <div
      className="btn-group btn-group-sm"
      onKeyDown={[Function]}
    >
      <button
        aria-expanded={false}
        aria-haspopup={true}
        aria-label={null}
        className="btn-sm btn-light btn-outline-secondary dropdown-toggle btn btn-secondary"
        onClick={[Function]}
        type="button"
      >
        Queries
      </button>
      <div
        aria-hidden={true}
        className="p-0 dropdown-menu"
        role="menu"
        tabIndex="-1"
      >
        <ul
          className="list-group"
        >
          <li
            className="list-group-item"
            style={
              Object {
                "zIndex": 0,
              }
            }
          >
            <div
              style={
                Object {
                  "paddingLeft": "NaNpx",
                }
              }
            >
              Main
            </div>
          </li>
          <li
            className="list-group-item"
            style={
              Object {
                "zIndex": 0,
              }
            }
          >
            <div
              style={
                Object {
                  "paddingLeft": "NaNpx",
                }
              }
            >
              Query 1
            </div>
          </li>
          <li
            className="list-group-item"
            style={
              Object {
                "zIndex": 0,
              }
            }
          >
            <div
              style={
                Object {
                  "paddingLeft": "NaNpx",
                }
              }
            >
              Query 2
            </div>
          </li>
        </ul>
      </div>
    </div>
    <span
      className="pl-2 mb-2"
      style={
        Object {
          "color": "#989ea4",
          "fontSize": "1.7rem",
        }
      }
    >
      |
    </span>
    <div
      className="col-10 px-1 pl-2 flex d-flex align-items-center flex-wrap"
    >
      <div
        className="pr-1 pt-1 pb-1"
      >
        <button
          aria-label={null}
          className="btn-sm btn-secondary btn btn-secondary"
          onClick={[Function]}
          type="button"
          value="Main"
        >
          <a
            className="p-0 d-inline nav-link"
            onClick={[Function]}
          >
            Main
          </a>
        </button>
      </div>
      <div
        className="pr-1 pt-1 pb-1"
      >
        <button
          aria-label={null}
          className="btn-sm btn-light btn-outline-secondary btn btn-secondary"
          onClick={[Function]}
          type="button"
          value="Query 1"
        >
          <a
            className="p-0 d-inline nav-link"
            onClick={[Function]}
          >
            Query 1
          </a>
        </button>
      </div>
      <div
        className="pr-1 pt-1 pb-1"
      >
        <button
          aria-label={null}
          className="btn-sm btn-light btn-outline-secondary btn btn-secondary"
          onClick={[Function]}
          type="button"
          value="Query 2"
        >
          <a
            className="p-0 d-inline nav-link"
            onClick={[Function]}
          >
            Query 2
          </a>
        </button>
      </div>
    </div>
    <div
      className="col-auto pt-3 mr-3 d-flex justify-content-start ml-auto w-auto position-absolute"
      style={
        Object {
          "right": "0",
          "top": "0",
        }
      }
    >
      <button
        aria-label={null}
        className="btn-light btn-outline-secondary border-0 btn btn-secondary btn-sm"
        onClick={[Function]}
        style={
          Object {
            "backgroundColor": "#f8f9fa",
          }
        }
        type="button"
      />
    </div>
  </nav>
  <div
    className="pl-2 align-self-start m-0 pt-1 pb-2 bg-light"
  >
    <div
      className="col-12 pl-0 text-info pt-6"
    >
      <button
        aria-label={null}
        className="btn btn-outline-info btn-sm"
        id="newQuery"
        onClick={[Function]}
        type="button"
      />
       Add query
    </div>
  </div>
</div>
`;
