// Jest Snapshot v1, https://goo.gl/fbAQLP

exports[`Component: QueryTable QueryTable renders with default props 1`] = `ShallowWrapper {}`;
