// Jest Snapshot v1, https://goo.gl/fbAQLP

exports[`Component: QueryTabs QueryTabs renders with default props 1`] = `ShallowWrapper {}`;
