// Jest Snapshot v1, https://goo.gl/fbAQLP

exports[`Component: QueryTablePopover QueryTablePopover renders with default props 1`] = `ShallowWrapper {}`;
