// Jest Snapshot v1, https://goo.gl/fbAQLP

exports[`Component: QueryColumnList QueryColumnList renders with default props 1`] = `ShallowWrapper {}`;
