// Jest Snapshot v1, https://goo.gl/fbAQLP

exports[`Component: QueryButton QueryButton rendered with default props 1`] = `ShallowWrapper {}`;
