// Jest Snapshot v1, https://goo.gl/fbAQLP

exports[`Component: ResultTable ResultTable renders with default props 1`] = `ShallowWrapper {}`;
