// Jest Snapshot v1, https://goo.gl/fbAQLP

exports[`Component: ResultTabs ResultTabs resndes with default props 1`] = `ShallowWrapper {}`;
