// Jest Snapshot v1, https://goo.gl/fbAQLP

exports[`Component: SchemaSelector SchemaSelector renders with default props 1`] = `ShallowWrapper {}`;
