// Jest Snapshot v1, https://goo.gl/fbAQLP

exports[`Component: SearchBar SearchBar renders with default props 1`] = `ShallowWrapper {}`;
