// Jest Snapshot v1, https://goo.gl/fbAQLP

exports[`Component: Set renders correctly 1`] = `ShallowWrapper {}`;
