// Jest Snapshot v1, https://goo.gl/fbAQLP

exports[`Component: TableColumnPopover TableColumnPopover render with default props 1`] = `ShallowWrapper {}`;
