// Jest Snapshot v1, https://goo.gl/fbAQLP

exports[`Component: TableColumn TableColumn renders with default props 1`] = `ShallowWrapper {}`;
